
> stocktopus@0.1.0 build
> next build

   Γû▓ Next.js 15.3.4

   Creating an optimized production build ...
 Γ£ô Compiled successfully in 2000ms
   Linting and checking validity of types ...
node.exe : 
At line:1 char:1
+ & "C:\Program Files\nodejs/node.exe" 
"C:\Users\NITRO\AppData\Roaming\ ...
+ ~~~~~~~~~~~~~~~~~~~~~~~~~~~~~~~~~~~~~~
~~~~~~~~~~~~~~~~~~~~~~~~~~~~~~~
    + CategoryInfo          : NotSpe    
cified: (:String) [], RemoteExce    
ption
    + FullyQualifiedErrorId : Native    
CommandError
 
Failed to compile.

./app/ai/page.tsx
107:106  Error: `"` can be escaped with 
`&quot;`, `&ldquo;`, `&#34;`, 
`&rdquo;`.  react/no-unescaped-entities
107:115  Error: `"` can be escaped with 
`&quot;`, `&ldquo;`, `&#34;`, 
`&rdquo;`.  react/no-unescaped-entities
492:93  Error: `"` can be escaped with 
`&quot;`, `&ldquo;`, `&#34;`, 
`&rdquo;`.  react/no-unescaped-entities
492:226  Error: `"` can be escaped with 
`&quot;`, `&ldquo;`, `&#34;`, 
`&rdquo;`.  react/no-unescaped-entities

./app/dashboard/page.tsx
30:40  Error: Unexpected any. Specify a 
different type.  
@typescript-eslint/no-explicit-any

./app/pro/page.tsx
6:36  Error: 'FaRobot' is defined but 
never used.  
@typescript-eslint/no-unused-vars
7:8  Error: 'Link' is defined but never 
used.  @typescript-eslint/no-unused-vars
54:47  Error: `'` can be escaped with 
`&apos;`, `&lsquo;`, `&#39;`, 
`&rsquo;`.  react/no-unescaped-entities

./app/profile/page.tsx
5:10  Error: 'FaUser' is defined but 
never used.  
@typescript-eslint/no-unused-vars

./app/screener/page.tsx
8:44  Error: 'FaSortAmountDown' is 
defined but never used.  
@typescript-eslint/no-unused-vars

./app/stock/[symbol]/page.tsx
32:45  Error: 'FaBoxes' is defined but 
never used.  
@typescript-eslint/no-unused-vars

./components/dashboard/AIDailyBriefing.t
sx
63:34  Error: `"` can be escaped with 
`&quot;`, `&ldquo;`, `&#34;`, 
`&rdquo;`.  react/no-unescaped-entities
63:150  Error: `"` can be escaped with 
`&quot;`, `&ldquo;`, `&#34;`, 
`&rdquo;`.  react/no-unescaped-entities

./components/dashboard/AIPrediction.tsx
13:28  Error: 'FaChartBar' is defined 
but never used.  
@typescript-eslint/no-unused-vars
15:8  Error: 'ProBadge' is defined but 
never used.  
@typescript-eslint/no-unused-vars

./components/dashboard/SentimentGauge.ts
x
7:27  Error: 'XAxis' is defined but 
never used.  
@typescript-eslint/no-unused-vars
7:34  Error: 'YAxis' is defined but 
never used.  
@typescript-eslint/no-unused-vars
7:41  Error: 'Tooltip' is defined but 
never used.  
@typescript-eslint/no-unused-vars
9:8  Error: 'ProBadge' is defined but 
never used.  
@typescript-eslint/no-unused-vars

./components/dashboard/Sidebar.tsx
153:39  Error: `'` can be escaped with 
`&apos;`, `&lsquo;`, `&#39;`, 
`&rsquo;`.  react/no-unescaped-entities

./components/onboarding/RiskQuiz.tsx
8:53  Error: Unexpected any. Specify a 
different type.  
@typescript-eslint/no-explicit-any
11:74  Error: Unexpected any. Specify a 
different type.  
@typescript-eslint/no-explicit-any

./components/ThemeToggle.tsx
10:5  Error: Expected an assignment or 
function call and instead saw an 
expression.  
@typescript-eslint/no-unused-expressions

./lib/technicalAnalysis.ts
260:50  Error: 'symbol' is defined but 
never used.  
@typescript-eslint/no-unused-vars

info  - Need to disable some ESLint 
rules? Learn more here: https://nextjs.o
rg/docs/app/api-reference/config/eslint#
disabling-rules
